2026-05-14T22:02:21-03:00 2026-05-15T01:02:21.344Z 182334347317498@lid: Mas eu acho que dá para ir
2026-05-14T22:02:42-03:00 2026-05-15T01:02:42.146Z 182334347317498@lid: Pq as pessoas que eu conheço não reservaram
2026-05-14T22:02:49-03:00 2026-05-15T01:02:49.309Z 182334347317498@lid: Mas eu descubro
2026-05-14T22:04:35-03:00 2026-05-15T01:04:35.557Z status@broadcast: *Kids 17:00*🤼‍♂️ 
2026-05-14T22:04:35-03:00 
2026-05-14T22:04:35-03:00 •Aquecimento 
2026-05-14T22:04:35-03:00 •Dinâmica em grupo 
2026-05-14T22:04:35-03:00 •Raspagem da guarda fechada 
2026-05-14T22:04:35-03:00 •Americana da montada. 
2026-05-14T22:04:35-03:00 •Combates 
2026-05-14T22:04:35-03:00 
2026-05-14T22:04:35-03:00 *Obrigado galera*🚀
2026-05-14T22:06:59-03:00 2026-05-15T01:06:59.123Z 182334347317498@lid: Tb
2026-05-14T22:07:13-03:00 2026-05-15T01:07:13.000Z 182334347317498@lid: Nossa jantei mto rs
2026-05-14T22:07:33-03:00 2026-05-15T01:07:33.591Z 182334347317498@lid: Minha mãe fez um monte de comida
2026-05-14T22:09:20-03:00 2026-05-15T01:09:20.979Z 182334347317498@lid: Eu estava magrinha rs
2026-05-14T22:09:59-03:00 2026-05-15T01:09:59.647Z 182334347317498@lid: Ganhei uns 3kilos
2026-05-14T22:10:16-03:00 2026-05-15T01:10:16.748Z 182334347317498@lid: Hahahahah
2026-05-14T22:10:41-03:00 2026-05-15T01:10:41.099Z 182334347317498@lid: Nem tanto
2026-05-14T22:23:14-03:00 2026-05-15T01:23:14.131Z 68689546199097@lid: 
2026-05-14T22:25:02-03:00 2026-05-15T01:25:02.471Z 139118419964067@lid: Oi, Sir
2026-05-14T22:28:08-03:00 2026-05-15T01:28:08.419Z 139118419964067@lid: Hi Claw
2026-05-14T22:30:03-03:00 2026-05-15T01:30:03.367Z status@broadcast: Hoje o dia é todo da minha parceira de todas as horas, a Bruninha! 🎂✨
2026-05-14T22:30:03-03:00 É impossível resumir nossa amizade em poucas palavras, porque ela é feita de momentos: das músicas que a gente ouve no talo, daquele beckzinho sagrado para relaxar e, acima de tudo, da confiança absurda que a gente tem. Você guarda meus maiores segredos e eu os seus, e saber que tenho alguém que me conhece de verdade, sem filtros, é um presente pra mim.
2026-05-14T22:30:03-03:00 Obrigado por ser essa pessoa divertida que me faz chorar de rir. Que seu novo ciclo seja leve, alto astral e cheio de sintonia. Te amo, buuuuh! Feliz vida!!
2026-05-14T22:31:04-03:00 2026-05-15T01:31:04.829Z status@broadcast: 
2026-05-14T22:31:06-03:00 2026-05-15T01:31:06.352Z status@broadcast: 
2026-05-14T22:31:06-03:00 2026-05-15T01:31:06.894Z status@broadcast: 
2026-05-14T22:31:07-03:00 2026-05-15T01:31:07.448Z status@broadcast: Dia monstroooo
2026-05-14T22:31:52-03:00 2026-05-15T01:31:52.020Z status@broadcast: Amoh😍🙏🏼🎢
2026-05-14T22:32:00-03:00 2026-05-15T01:32:00.415Z 139118419964067@lid: Claw você foi programada para fazer o que?
2026-05-14T22:35:33-03:00 2026-05-15T01:35:33.994Z 139118419964067@lid: Quais tipos de informações você pode oferecer? Sobre quais assuntos?
2026-05-14T22:36:50-03:00 2026-05-15T01:36:50.503Z status@broadcast: Aí matou
2026-05-14T22:36:57-03:00 2026-05-15T01:36:57.219Z 139118419964067@lid: Eu sei
2026-05-14T22:36:59-03:00 2026-05-15T01:36:59.392Z 139118419964067@lid: Hahahahha
2026-05-14T22:37:02-03:00 2026-05-15T01:37:02.830Z status@broadcast: 
2026-05-14T22:37:03-03:00 2026-05-15T01:37:03.819Z 139118419964067@lid: Hahahahahahha
2026-05-14T22:37:07-03:00 2026-05-15T01:37:07.794Z 139118419964067@lid: Porrraaaa
2026-05-14T22:37:28-03:00 2026-05-15T01:37:28.452Z 139118419964067@lid: Me informe qual a temperatura no bairro jardim da Saúde- Sp
2026-05-14T22:37:33-03:00 2026-05-15T01:37:33.573Z 139118419964067@lid: 
2026-05-14T22:38:29-03:00 2026-05-15T01:38:29.000Z 139118419964067@lid: Claw, Qual a temperatura no bairro jardim da Saúde- Sp ? Neste exato momento
2026-05-14T22:39:06-03:00 2026-05-15T01:39:06.525Z status@broadcast: 
2026-05-14T22:39:10-03:00 2026-05-15T01:39:10.499Z 139118419964067@lid: Claw, Qual a temperatura no bairro jardim da Saúde- Sp ? Neste exato momento
2026-05-14T22:41:07-03:00 2026-05-15T01:41:07.165Z 139118419964067@lid: Oi Claw
2026-05-14T22:41:14-03:00 2026-05-15T01:41:14.121Z 139118419964067@lid: Claw, Qual a temperatura no bairro jardim da Saúde- Sp ? Neste exato momento
2026-05-14T22:41:46-03:00 2026-05-15T01:41:46.433Z 139118419964067@lid: Claw, Qual a temperatura Amanhã ?
2026-05-14T22:42:56-03:00 2026-05-15T01:42:56.222Z 139118419964067@lid: Oi você pode me ajudar?
2026-05-14T22:48:00-03:00 2026-05-15T01:48:00.869Z 139118419964067@lid: Qual a temperatura de Noronha agora de noite?
2026-05-14T22:50:37-03:00 2026-05-15T01:50:37.261Z 139118419964067@lid: Sim
2026-05-14T22:56:31-03:00 2026-05-15T01:56:31.178Z 139118419964067@lid: Claw? Está ai?
2026-05-14T22:59:49-03:00 2026-05-15T01:59:49.731Z 139118419964067@lid: Claw qual a capital da Espanha?
2026-05-14T23:01:17-03:00 2026-05-15T02:01:17.977Z 139118419964067@lid: Qual a capital do Egito?
2026-05-14T23:02:20-03:00 2026-05-15T02:02:20.630Z 139118419964067@lid: Qual melhor cidade para visitar?
2026-05-14T23:02:56-03:00 2026-05-15T02:02:56.243Z 139118419964067@lid: Qual melhor cidade da Espanha para visitar?
2026-05-14T23:10:48-03:00 2026-05-15T02:10:48.018Z 139118419964067@lid: Gosto dos dois
2026-05-14T23:10:48-03:00 Consegue montar um roteiro de 1 dia em Barcelona?
2026-05-14T23:11:07-03:00 2026-05-15T02:11:07.835Z 139118419964067@lid: Sim
2026-05-14T23:11:28-03:00 2026-05-15T02:11:28.787Z 139118419964067@lid: Opções
